
=== Utah COVID-19 Wave 1 ===
  365 days | n_true=3271616, n_used=5000, prevalence=0.0018 (seed=9.0), incub=5d, recov=0.100
  --- Window: 60 days (BiLSTM beta=0.1208) ---
    Window 60 days...
      BiLSTM... Starting multiple runs (2000) using 12 thread(s)
_________________________________________________________________________
_________________________________________________________________________
||||||||||||||||||||||||||||||||||||||||||||||||||||||||||||||||||||||||| done.
beta=0.1208 R0=1.208
      ABC... 52.2 sStarting multiple runs (2000) using 12 thread(s)
_________________________________________________________________________
_________________________________________________________________________
||||||||||||||||||||||||||||||||||||||||||||||||||||||||||||||||||||||||| done.
  beta=0.5708 R0=5.708
      ABC-SMC... 24.7 sStarting multiple runs (2000) using 12 thread(s)
_________________________________________________________________________
_________________________________________________________________________
||||||||||||||||||||||||||||||||||||||||||||||||||||||||||||||||||||||||| done.
  beta=1.7486 R0=17.486
      NM... 0.9 sStarting multiple runs (2000) using 12 thread(s)
_________________________________________________________________________
_________________________________________________________________________
||||||||||||||||||||||||||||||||||||||||||||||||||||||||||||||||||||||||| done.
  beta=0.4097 R0=4.097
      DE... 43.7 sStarting multiple runs (2000) using 12 thread(s)
_________________________________________________________________________
_________________________________________________________________________
||||||||||||||||||||||||||||||||||||||||||||||||||||||||||||||||||||||||| done.
  beta=0.4477 R0=4.477
    Saved: utah_covid_19_wave_1_w060_5method_ci.png
  Params saved: utah_covid_19_wave_1_5method_params.csv

  ========== Parameter estimates ==========
              dataset win_len     method   beta     R0
 Utah COVID-19 Wave 1      60     BiLSTM 0.1208  1.208
 Utah COVID-19 Wave 1      60        ABC 0.5708  5.708
 Utah COVID-19 Wave 1      60    ABC-SMC 1.7486 17.486
 Utah COVID-19 Wave 1      60 NelderMead 0.4097  4.097
 Utah COVID-19 Wave 1      60         DE 0.4477  4.477

Done. Plots saved to real_data/plots/
Warning message:
In DEoptimR::JDEoptim(lower = bnd$lo, upper = bnd$hi, fn = obj_de,  :
  maximum number of iterations reached without convergence
