
=== Utah COVID-19 Wave 1 ===
  365 days | n_true=3271616, n_used=7000, prevalence=0.0013 (seed=9.0), incub=5d, recov=0.100
  --- Window: 60 days (BiLSTM beta=0.1208) ---
    Window 60 days...
      BiLSTM... Starting multiple runs (2000) using 12 thread(s)
_________________________________________________________________________
_________________________________________________________________________
||||||||||||||||||||||||||||||||||||||||||||||||||||||||||||||||||||||||| done.
beta=0.1208 R0=1.208
      ABC... 69.7 sStarting multiple runs (2000) using 12 thread(s)
_________________________________________________________________________
_________________________________________________________________________
||||||||||||||||||||||||||||||||||||||||||||||||||||||||||||||||||||||||| done.
  beta=0.4629 R0=4.629
      ABC-SMC... 158.9 sStarting multiple runs (2000) using 12 thread(s)
_________________________________________________________________________
_________________________________________________________________________
||||||||||||||||||||||||||||||||||||||||||||||||||||||||||||||||||||||||| done.
  beta=0.4316 R0=4.316
      NM... 1.6 sStarting multiple runs (2000) using 12 thread(s)
_________________________________________________________________________
_________________________________________________________________________
||||||||||||||||||||||||||||||||||||||||||||||||||||||||||||||||||||||||| done.
  beta=0.4308 R0=4.308
      DE... 66.8 sStarting multiple runs (2000) using 12 thread(s)
_________________________________________________________________________
_________________________________________________________________________
||||||||||||||||||||||||||||||||||||||||||||||||||||||||||||||||||||||||| done.
  beta=0.4217 R0=4.217
    Saved: utah_covid_19_wave_1_w060_5method_ci.png
  Params saved: utah_covid_19_wave_1_5method_params.csv

  ========== Parameter estimates ==========
              dataset win_len     method   beta    R0
 Utah COVID-19 Wave 1      60     BiLSTM 0.1208 1.208
 Utah COVID-19 Wave 1      60        ABC 0.4629 4.629
 Utah COVID-19 Wave 1      60    ABC-SMC 0.4316 4.316
 Utah COVID-19 Wave 1      60 NelderMead 0.4308 4.308
 Utah COVID-19 Wave 1      60         DE 0.4217 4.217

Done. Plots saved to real_data/plots/
Warning message:
In DEoptimR::JDEoptim(lower = bnd$lo, upper = bnd$hi, fn = obj_de,  :
  maximum number of iterations reached without convergence
