
=== Utah COVID-19 Wave 1 ===
  365 days | n_true=3271616, n_used=7000, prevalence=0.0013 (seed=9.0), incub=5d, recov=0.100
  --- Window: 60 days (BiLSTM beta=0.1208) ---
    Window 60 days...
      BiLSTM... Starting multiple runs (2000) using 12 thread(s)
_________________________________________________________________________
_________________________________________________________________________
||||||||||||||||||||||||||||||||||||||||||||||||||||||||||||||||||||||||| done.
beta=0.1208 R0=1.208
      ABC... 85.1 sStarting multiple runs (2000) using 12 thread(s)
_________________________________________________________________________
_________________________________________________________________________
||||||||||||||||||||||||||||||||||||||||||||||||||||||||||||||||||||||||| done.
  beta=10.6113 R0=106.113
      ABC-SMC... 206.5 sStarting multiple runs (2000) using 12 thread(s)
_________________________________________________________________________
_________________________________________________________________________
||||||||||||||||||||||||||||||||||||||||||||||||||||||||||||||||||||||||| done.
  beta=0.5604 R0=5.604
      NM... 1.3 sStarting multiple runs (2000) using 12 thread(s)
_________________________________________________________________________
_________________________________________________________________________
||||||||||||||||||||||||||||||||||||||||||||||||||||||||||||||||||||||||| done.
  beta=0.6186 R0=6.186
      DE... 61.5 sStarting multiple runs (2000) using 12 thread(s)
_________________________________________________________________________
_________________________________________________________________________
||||||||||||||||||||||||||||||||||||||||||||||||||||||||||||||||||||||||| done.
  beta=0.5402 R0=5.402
    Saved: utah_covid_19_wave_1_w060_5method_ci.png
  Params saved: utah_covid_19_wave_1_5method_params.csv

  ========== Parameter estimates ==========
              dataset win_len     method    beta      R0
 Utah COVID-19 Wave 1      60     BiLSTM  0.1208   1.208
 Utah COVID-19 Wave 1      60        ABC 10.6113 106.113
 Utah COVID-19 Wave 1      60    ABC-SMC  0.5604   5.604
 Utah COVID-19 Wave 1      60 NelderMead  0.6186   6.186
 Utah COVID-19 Wave 1      60         DE  0.5402   5.402

Done. Plots saved to real_data/plots/
Warning message:
In DEoptimR::JDEoptim(lower = bnd$lo, upper = bnd$hi, fn = obj_de,  :
  maximum number of iterations reached without convergence
