
=== Utah COVID-19 Wave 1 ===
  365 days | n_true=3271616, n_used=100000 (scale=0.0306), incub=5d, recov=0.100
  --- Window: 30 days (BiLSTM beta=1.2381) ---
    Window 30 days...
      BiLSTM... Starting multiple runs (400) using 4 thread(s)
_________________________________________________________________________
_________________________________________________________________________
||||||||||||||||||||||||||||||||||||||||||||||||||||||||||||||||||||||||| done.
beta=1.2381 R0=12.381
      ABC... 1722.4 sStarting multiple runs (400) using 4 thread(s)
_________________________________________________________________________
_________________________________________________________________________
||||||||||||||||||||||||||||||||||||||||||||||||||||||||||||||||||||||||| done.
  beta=0.4453 R0=4.453
      ABC-SMC... 945.1 sStarting multiple runs (400) using 4 thread(s)
_________________________________________________________________________
_________________________________________________________________________
||||||||||||||||||||||||||||||||||||||||||||||||||||||||||||||||||||||||| done.
  beta=1.7672 R0=17.672
      NM... 375.9 sStarting multiple runs (400) using 4 thread(s)
_________________________________________________________________________
_________________________________________________________________________
||||||||||||||||||||||||||||||||||||||||||||||||||||||||||||||||||||||||| done.
  beta=10.0005 R0=100.005
      DE... 1537.2 sStarting multiple runs (400) using 4 thread(s)
_________________________________________________________________________
_________________________________________________________________________
||||||||||||||||||||||||||||||||||||||||||||||||||||||||||||||||||||||||| done.
  beta=0.3389 R0=3.389
    Saved: utah_covid_19_wave_1_w030_5method_ci.png
  --- Window: 60 days (BiLSTM beta=1.2381) ---
    Window 60 days...
      BiLSTM... Starting multiple runs (400) using 4 thread(s)
_________________________________________________________________________
_________________________________________________________________________
||||||||||||||||||||||||||||||||||||||||||||||||||||||||||||||||||||||||| done.
beta=1.2381 R0=12.381
      ABC... 1509.8 sStarting multiple runs (400) using 4 thread(s)
_________________________________________________________________________
_________________________________________________________________________
||||||||||||||||||||||||||||||||||||||||||||||||||||||||||||||||||||||||| done.
  beta=0.1829 R0=1.829
      ABC-SMC... 894.8 sStarting multiple runs (400) using 4 thread(s)
_________________________________________________________________________
_________________________________________________________________________
||||||||||||||||||||||||||||||||||||||||||||||||||||||||||||||||||||||||| done.
  beta=1.3498 R0=13.498
      NM... 375.4 sStarting multiple runs (400) using 4 thread(s)
_________________________________________________________________________
_________________________________________________________________________
||||||||||||||||||||||||||||||||||||||||||||||||||||||||||||||||||||||||| done.
  beta=10.0005 R0=100.005
      DE... 1606.3 sStarting multiple runs (400) using 4 thread(s)
_________________________________________________________________________
_________________________________________________________________________
||||||||||||||||||||||||||||||||||||||||||||||||||||||||||||||||||||||||| done.
  beta=0.2028 R0=2.028
    Saved: utah_covid_19_wave_1_w060_5method_ci.png
  --- Window: 90 days (BiLSTM beta=1.2381) ---
    Window 90 days...
      BiLSTM... Starting multiple runs (400) using 4 thread(s)
_________________________________________________________________________
_________________________________________________________________________
||||||||||||||||||||||||||||||||||||||||||||||||||||||||||||||||||||||||| done.
beta=1.2381 R0=12.381
      ABC... 1416.8 sStarting multiple runs (400) using 4 thread(s)
_________________________________________________________________________
_________________________________________________________________________
||||||||||||||||||||||||||||||||||||||||||||||||||||||||||||||||||||||||| done.
  beta=0.2013 R0=2.013
      ABC-SMC... 873.0 sStarting multiple runs (400) using 4 thread(s)
_________________________________________________________________________
_________________________________________________________________________
||||||||||||||||||||||||||||||||||||||||||||||||||||||||||||||||||||||||| done.
  beta=1.4906 R0=14.906
      NM... 391.7 sStarting multiple runs (400) using 4 thread(s)
_________________________________________________________________________
_________________________________________________________________________
||||||||||||||||||||||||||||||||||||||||||||||||||||||||||||||||||||||||| done.
  beta=10.0005 R0=100.005
      DE... slurmstepd: error: *** JOB 14632610 ON notch365 CANCELLED AT 2026-08-13T17:48:07 DUE TO TIME LIMIT ***
