
=== Utah COVID-19 Wave 1 ===
  365 days | n_true=3271616, n_used=7000, prevalence=0.0013 (seed=9.0), incub=5d, recov=0.100
  --- Window: 60 days (BiLSTM beta=0.1208) ---
    Window 60 days...
      BiLSTM... Starting multiple runs (2000) using 12 thread(s)
_________________________________________________________________________
_________________________________________________________________________
||||||||||||||||||||||||||||||||||||||||||||||||||||||||||||||||||||||||| done.
beta=0.1208 R0=1.208
      ABC... 73.6 sStarting multiple runs (2000) using 12 thread(s)
_________________________________________________________________________
_________________________________________________________________________
||||||||||||||||||||||||||||||||||||||||||||||||||||||||||||||||||||||||| done.
  beta=0.4544 R0=4.544
      ABC-SMC... 179.7 sStarting multiple runs (2000) using 12 thread(s)
_________________________________________________________________________
_________________________________________________________________________
||||||||||||||||||||||||||||||||||||||||||||||||||||||||||||||||||||||||| done.
  beta=0.4253 R0=4.253
      NM... 1.8 sStarting multiple runs (2000) using 12 thread(s)
_________________________________________________________________________
_________________________________________________________________________
||||||||||||||||||||||||||||||||||||||||||||||||||||||||||||||||||||||||| done.
  beta=0.3666 R0=3.666
      DE... 65.1 sStarting multiple runs (2000) using 12 thread(s)
_________________________________________________________________________
_________________________________________________________________________
||||||||||||||||||||||||||||||||||||||||||||||||||||||||||||||||||||||||| done.
  beta=0.4279 R0=4.279
    Saved: utah_covid_19_wave_1_w060_5method_ci.png
  Params saved: utah_covid_19_wave_1_5method_params.csv

  ========== Parameter estimates ==========
              dataset win_len     method   beta    R0
 Utah COVID-19 Wave 1      60     BiLSTM 0.1208 1.208
 Utah COVID-19 Wave 1      60        ABC 0.4544 4.544
 Utah COVID-19 Wave 1      60    ABC-SMC 0.4253 4.253
 Utah COVID-19 Wave 1      60 NelderMead 0.3666 3.666
 Utah COVID-19 Wave 1      60         DE 0.4279 4.279

Done. Plots saved to real_data/plots/
Warning message:
In DEoptimR::JDEoptim(lower = bnd$lo, upper = bnd$hi, fn = obj_de,  :
  maximum number of iterations reached without convergence
