BiLSTM       beta=0.1208  running 2000-rep ensemble...
Starting multiple runs (2000) using 12 thread(s)
_________________________________________________________________________
_________________________________________________________________________
||||||||||||||||||||||||||||||||||||||||||||||||||||||||||||||||||||||||| done.
ABC          beta=0.2102  running 2000-rep ensemble...
Starting multiple runs (2000) using 12 thread(s)
_________________________________________________________________________
_________________________________________________________________________
||||||||||||||||||||||||||||||||||||||||||||||||||||||||||||||||||||||||| done.
ABC-SMC      beta=1.8676  running 2000-rep ensemble...
Starting multiple runs (2000) using 12 thread(s)
_________________________________________________________________________
_________________________________________________________________________
||||||||||||||||||||||||||||||||||||||||||||||||||||||||||||||||||||||||| done.
NelderMead   beta=0.1240  running 2000-rep ensemble...
Starting multiple runs (2000) using 12 thread(s)
_________________________________________________________________________
_________________________________________________________________________
||||||||||||||||||||||||||||||||||||||||||||||||||||||||||||||||||||||||| done.
DE           beta=0.1909  running 2000-rep ensemble...
Starting multiple runs (2000) using 12 thread(s)
_________________________________________________________________________
_________________________________________________________________________
||||||||||||||||||||||||||||||||||||||||||||||||||||||||||||||||||||||||| done.

========== Coverage / RMSE / MAE by method (60-day window) ==========
     method   beta     R0 coverage_pct  rmse    mae n_in_ci n_days
     BiLSTM 0.1208  1.208        14.52  1463 1041.9      53    365
        ABC 0.2102  2.102        75.34  4825 2646.5     275    365
    ABC-SMC 1.8676 18.676        14.25 34615 8924.3      52    365
 NelderMead 0.1240  1.240        19.73  1463 1041.9      72    365
         DE 0.1909  1.909        89.86  1313  856.4     328    365

Saved plot: /uufs/chpc.utah.edu/common/home/u1418987/sima/epiworldRcalibrate_SEIR/SEIR_epi_reconstruction/real_data/plots/utah_covid_5method_metrics.png
Saved metrics: /uufs/chpc.utah.edu/common/home/u1418987/sima/epiworldRcalibrate_SEIR/SEIR_epi_reconstruction/real_data/utah_covid_5method_metrics.csv
