BiLSTM       beta=0.1208  running 2000-rep ensemble...
Starting multiple runs (2000) using 12 thread(s)
_________________________________________________________________________
_________________________________________________________________________
||||||||||||||||||||||||||||||||||||||||||||||||||||||||||||||||||||||||| done.
ABC          beta=0.4629  running 2000-rep ensemble...
Starting multiple runs (2000) using 12 thread(s)
_________________________________________________________________________
_________________________________________________________________________
||||||||||||||||||||||||||||||||||||||||||||||||||||||||||||||||||||||||| done.
ABC-SMC      beta=0.4316  running 2000-rep ensemble...
Starting multiple runs (2000) using 12 thread(s)
_________________________________________________________________________
_________________________________________________________________________
||||||||||||||||||||||||||||||||||||||||||||||||||||||||||||||||||||||||| done.
NelderMead   beta=0.4308  running 2000-rep ensemble...
Starting multiple runs (2000) using 12 thread(s)
_________________________________________________________________________
_________________________________________________________________________
||||||||||||||||||||||||||||||||||||||||||||||||||||||||||||||||||||||||| done.
DE           beta=0.4217  running 2000-rep ensemble...
Starting multiple runs (2000) using 12 thread(s)
_________________________________________________________________________
_________________________________________________________________________
||||||||||||||||||||||||||||||||||||||||||||||||||||||||||||||||||||||||| done.

========== Coverage / RMSE / MAE by method ==========
         period     method   beta    R0 coverage_pct    rmse     mae n_in_ci
 full_wave_365d     BiLSTM 0.1208 1.208        0.000 1459.68 1038.81       0
 full_wave_365d        ABC 0.4629 4.629        7.123 1461.80 1030.52      26
 full_wave_365d    ABC-SMC 0.4316 4.316        7.671 1461.64 1029.17      28
 full_wave_365d NelderMead 0.4308 4.308        7.671 1461.64 1029.17      28
 full_wave_365d         DE 0.4217 4.217        7.397 1461.59 1028.77      27
  in_sample_60d     BiLSTM 0.1208 1.208        0.000  127.76  118.42       0
  in_sample_60d        ABC 0.4629 4.629       30.000   82.03   71.22      18
  in_sample_60d    ABC-SMC 0.4316 4.316       30.000   82.46   70.70      18
  in_sample_60d NelderMead 0.4308 4.308       30.000   82.24   70.46      18
  in_sample_60d         DE 0.4217 4.217       28.333   82.48   70.77      17
 n_days
    365
    365
    365
    365
    365
     60
     60
     60
     60
     60

Saved plot: /uufs/chpc.utah.edu/common/home/u1418987/sima/epiworldRcalibrate_SEIR/SEIR_epi_reconstruction/real_data/plots/utah_covid_5method_metrics.png
Saved metrics: /uufs/chpc.utah.edu/common/home/u1418987/sima/epiworldRcalibrate_SEIR/SEIR_epi_reconstruction/real_data/utah_covid_5method_metrics.csv
