BiLSTM       beta=0.135187  running 1000-rep ensemble...
Starting multiple runs (1000) using 12 thread(s)
_________________________________________________________________________
_________________________________________________________________________
||||||||||||||||||||||||||||||||||||||||||||||||||||||||||||||||||||||||| done.
ABC          beta=0.226734  running 1000-rep ensemble...
Starting multiple runs (1000) using 12 thread(s)
_________________________________________________________________________
_________________________________________________________________________
||||||||||||||||||||||||||||||||||||||||||||||||||||||||||||||||||||||||| done.
ABC-SMC      beta=1.546604  running 1000-rep ensemble...
Starting multiple runs (1000) using 12 thread(s)
_________________________________________________________________________
_________________________________________________________________________
||||||||||||||||||||||||||||||||||||||||||||||||||||||||||||||||||||||||| done.
NelderMead   beta=0.229587  running 1000-rep ensemble...
Starting multiple runs (1000) using 12 thread(s)
_________________________________________________________________________
_________________________________________________________________________
||||||||||||||||||||||||||||||||||||||||||||||||||||||||||||||||||||||||| done.
DE           beta=0.236919  running 1000-rep ensemble...
Starting multiple runs (1000) using 12 thread(s)
_________________________________________________________________________
_________________________________________________________________________
||||||||||||||||||||||||||||||||||||||||||||||||||||||||||||||||||||||||| done.

========== Coverage / RMSE / MAE / timing, current 61-day window ==========
     method   beta      R0 coverage_pct     rmse     mae n_in_ci n_days
     BiLSTM 0.1352  0.9463       98.361    21.18    15.6      60     61
        ABC 0.2267  1.5871       80.328   157.65   118.4      49     61
    ABC-SMC 1.5466 10.8262        9.836 94764.92 54558.4       6     61
 NelderMead 0.2296  1.6071       78.689   165.47   122.3      48     61
         DE 0.2369  1.6584       67.213   207.55   150.2      41     61
 calibration_time_s
                 NA
              637.6
              464.0
                7.2
              411.7

Saved plot: /uufs/chpc.utah.edu/common/home/u1418987/sima/epiworldRcalibrate_SEIR/SEIR_epi_reconstruction/real_data/plots/utah_covid_current61_5method_metrics.png
