
Done. Plots saved to real_data/plots/

=== Utah COVID-19 Current (2025) ===
  61 days | n_true=3340000, n_used=100000 (scale=0.0299), incub=5d, recov=0.143
  --- Window: 61 days (BiLSTM beta=0.1352) ---
    Window 61 days...
      BiLSTM... Starting multiple runs (1000) using 12 thread(s)
_________________________________________________________________________
_________________________________________________________________________
||||||||||||||||||||||||||||||||||||||||||||||||||||||||||||||||||||||||| done.
beta=0.1352 R0=0.946
      ABC... 637.6 sStarting multiple runs (1000) using 12 thread(s)
_________________________________________________________________________
_________________________________________________________________________
||||||||||||||||||||||||||||||||||||||||||||||||||||||||||||||||||||||||| done.
  beta=0.0958 R0=0.670
      ABC-SMC... 464.0 sStarting multiple runs (1000) using 12 thread(s)
_________________________________________________________________________
_________________________________________________________________________
||||||||||||||||||||||||||||||||||||||||||||||||||||||||||||||||||||||||| done.
  beta=1.0690 R0=7.483
      NM... 7.2 sStarting multiple runs (1000) using 12 thread(s)
_________________________________________________________________________
_________________________________________________________________________
||||||||||||||||||||||||||||||||||||||||||||||||||||||||||||||||||||||||| done.
  beta=0.0015 R0=0.010
      DE... 411.7 sStarting multiple runs (1000) using 12 thread(s)
_________________________________________________________________________
_________________________________________________________________________
||||||||||||||||||||||||||||||||||||||||||||||||||||||||||||||||||||||||| done.
  beta=0.1221 R0=0.855
    Saved: utah_covid_19_current__2025__w061_5method_ci.png
  Params saved: utah_covid_19_current__2025__5method_params.csv

  ========== Parameter estimates ==========
                      dataset win_len     method     beta      R0
 Utah COVID-19 Current (2025)      61     BiLSTM 0.135187 0.94631
 Utah COVID-19 Current (2025)      61        ABC 0.095782 0.67047
 Utah COVID-19 Current (2025)      61    ABC-SMC 1.069021 7.48315
 Utah COVID-19 Current (2025)      61 NelderMead 0.001482 0.01037
 Utah COVID-19 Current (2025)      61         DE 0.122087 0.85461

Done. Plots saved to real_data/plots/, params to real_data/utah_covid_19_current_2025_5method_params.csv
Warning message:
In DEoptimR::JDEoptim(lower = bnd$lo, upper = bnd$hi, fn = obj_de,  :
  maximum number of iterations reached without convergence
