BiLSTM       beta=0.135187  running 1000-rep ensemble...
Starting multiple runs (1000) using 12 thread(s)
_________________________________________________________________________
_________________________________________________________________________
||||||||||||||||||||||||||||||||||||||||||||||||||||||||||||||||||||||||| done.
ABC          beta=0.210546  running 1000-rep ensemble...
Starting multiple runs (1000) using 12 thread(s)
_________________________________________________________________________
_________________________________________________________________________
||||||||||||||||||||||||||||||||||||||||||||||||||||||||||||||||||||||||| done.
ABC-SMC      beta=0.233732  running 1000-rep ensemble...
Starting multiple runs (1000) using 12 thread(s)
_________________________________________________________________________
_________________________________________________________________________
||||||||||||||||||||||||||||||||||||||||||||||||||||||||||||||||||||||||| done.
NelderMead   beta=0.216383  running 1000-rep ensemble...
Starting multiple runs (1000) using 12 thread(s)
_________________________________________________________________________
_________________________________________________________________________
||||||||||||||||||||||||||||||||||||||||||||||||||||||||||||||||||||||||| done.
DE           beta=0.231809  running 1000-rep ensemble...
Starting multiple runs (1000) using 12 thread(s)
_________________________________________________________________________
_________________________________________________________________________
||||||||||||||||||||||||||||||||||||||||||||||||||||||||||||||||||||||||| done.

========== Coverage / RMSE / MAE / timing, current 61-day window ==========
     method   beta     R0 coverage_pct  rmse   mae n_in_ci n_days
     BiLSTM 0.1352 0.9463         0.00 32.34 29.82       0     61
        ABC 0.2105 1.4738        31.15 26.10 20.93      19     61
    ABC-SMC 0.2337 1.6361        44.26 24.49 18.35      27     61
 NelderMead 0.2164 1.5147        37.70 25.49 19.94      23     61
         DE 0.2318 1.6227        44.26 24.58 18.51      27     61
 calibration_time_s
                 NA
              637.6
              464.0
                7.2
              411.7

Saved plot: /uufs/chpc.utah.edu/common/home/u1418987/sima/epiworldRcalibrate_SEIR/SEIR_epi_reconstruction/real_data/plots/utah_covid_current61_5method_metrics.png
