BiLSTM       beta=0.135187  running 1000-rep ensemble...
Starting multiple runs (1000) using 12 thread(s)
_________________________________________________________________________
_________________________________________________________________________
||||||||||||||||||||||||||||||||||||||||||||||||||||||||||||||||||||||||| done.
ABC          beta=0.095782  running 1000-rep ensemble...
Starting multiple runs (1000) using 12 thread(s)
_________________________________________________________________________
_________________________________________________________________________
||||||||||||||||||||||||||||||||||||||||||||||||||||||||||||||||||||||||| done.
ABC-SMC      beta=1.069021  running 1000-rep ensemble...
Starting multiple runs (1000) using 12 thread(s)
_________________________________________________________________________
_________________________________________________________________________
||||||||||||||||||||||||||||||||||||||||||||||||||||||||||||||||||||||||| done.
NelderMead   beta=0.001482  running 1000-rep ensemble...
Starting multiple runs (1000) using 12 thread(s)
_________________________________________________________________________
_________________________________________________________________________
||||||||||||||||||||||||||||||||||||||||||||||||||||||||||||||||||||||||| done.
DE           beta=0.122087  running 1000-rep ensemble...
Starting multiple runs (1000) using 12 thread(s)
_________________________________________________________________________
_________________________________________________________________________
||||||||||||||||||||||||||||||||||||||||||||||||||||||||||||||||||||||||| done.

========== Coverage / RMSE / MAE / timing, current 61-day window ==========
     method     beta      R0 coverage_pct     rmse      mae n_in_ci n_days
     BiLSTM 0.135187 0.94631        98.36    22.16    16.53      60     61
        ABC 0.095782 0.67047        93.44    32.02    28.40      57     61
    ABC-SMC 1.069021 7.48315        11.48 86222.97 54091.63       7     61
 NelderMead 0.001482 0.01037        21.31    33.64    30.96      13     61
         DE 0.122087 0.85461        98.36    25.54    21.47      60     61
 calibration_time_s
                 NA
              637.6
              464.0
                7.2
              411.7

Saved plot: /uufs/chpc.utah.edu/common/home/u1418987/sima/epiworldRcalibrate_SEIR/SEIR_epi_reconstruction/real_data/plots/utah_covid_current61_5method_metrics.png
