
Done. Plots saved to real_data/plots/

=== Utah COVID-19 Current (2025) ===
  61 days | n_true=3340000, n_used=5000, prevalence=0.0100 (seed=50.0), incub=5d, recov=0.143
  --- Window: 61 days (BiLSTM beta=0.1352) ---
    Window 61 days...
      BiLSTM... Starting multiple runs (1000) using 12 thread(s)
_________________________________________________________________________
_________________________________________________________________________
||||||||||||||||||||||||||||||||||||||||||||||||||||||||||||||||||||||||| done.
beta=0.1352 R0=0.946
      ABC... 62.8 sStarting multiple runs (1000) using 12 thread(s)
_________________________________________________________________________
_________________________________________________________________________
||||||||||||||||||||||||||||||||||||||||||||||||||||||||||||||||||||||||| done.
  beta=0.2267 R0=1.587
      ABC-SMC... 36.0 sStarting multiple runs (1000) using 12 thread(s)
_________________________________________________________________________
_________________________________________________________________________
||||||||||||||||||||||||||||||||||||||||||||||||||||||||||||||||||||||||| done.
  beta=1.5466 R0=10.826
      NM... 1.5 sStarting multiple runs (1000) using 12 thread(s)
_________________________________________________________________________
_________________________________________________________________________
||||||||||||||||||||||||||||||||||||||||||||||||||||||||||||||||||||||||| done.
  beta=0.2296 R0=1.607
      DE... 54.7 sStarting multiple runs (1000) using 12 thread(s)
_________________________________________________________________________
_________________________________________________________________________
||||||||||||||||||||||||||||||||||||||||||||||||||||||||||||||||||||||||| done.
  beta=0.2369 R0=1.658
    Saved: utah_covid_19_current__2025__w061_5method_ci.png
  Params saved: utah_covid_19_current__2025__5method_params.csv

  ========== Parameter estimates ==========
                      dataset win_len     method   beta      R0
 Utah COVID-19 Current (2025)      61     BiLSTM 0.1352  0.9463
 Utah COVID-19 Current (2025)      61        ABC 0.2267  1.5871
 Utah COVID-19 Current (2025)      61    ABC-SMC 1.5466 10.8262
 Utah COVID-19 Current (2025)      61 NelderMead 0.2296  1.6071
 Utah COVID-19 Current (2025)      61         DE 0.2369  1.6584

Done. Plots saved to real_data/plots/, params to real_data/utah_covid_19_current_2025_5method_params.csv
Warning message:
In DEoptimR::JDEoptim(lower = bnd$lo, upper = bnd$hi, fn = obj_de,  :
  maximum number of iterations reached without convergence
