
Done. Plots saved to real_data/plots/

=== Measles 1861 (EpiEstim) ===
  48 days | n_true=187, n_used=187, prevalence=0.0053 (seed=1.0), incub=10d, recov=0.125
  --- Window: 48 days (BiLSTM beta=0.2175) ---
    Window 48 days...
      BiLSTM... Starting multiple runs (1000) using 12 thread(s)
_________________________________________________________________________
_________________________________________________________________________
||||||||||||||||||||||||||||||||||||||||||||||||||||||||||||||||||||||||| done.
beta=0.2175 R0=1.740
      ABC... 4.0 sStarting multiple runs (1000) using 12 thread(s)
_________________________________________________________________________
_________________________________________________________________________
||||||||||||||||||||||||||||||||||||||||||||||||||||||||||||||||||||||||| done.
  beta=3.8376 R0=30.701
      ABC-SMC... 18.6 s  FAILED
      NM... 0.1 sStarting multiple runs (1000) using 12 thread(s)
_________________________________________________________________________
_________________________________________________________________________
||||||||||||||||||||||||||||||||||||||||||||||||||||||||||||||||||||||||| done.
  beta=4.4937 R0=35.950
      DE... 2.3 sStarting multiple runs (1000) using 12 thread(s)
_________________________________________________________________________
_________________________________________________________________________
||||||||||||||||||||||||||||||||||||||||||||||||||||||||||||||||||||||||| done.
  beta=2.0163 R0=16.131
    Saved: measles_1861__epiestim__w048_5method_ci.png
  Params saved: measles_1861__epiestim__5method_params.csv

  ========== Parameter estimates ==========
                 dataset win_len     method   beta    R0
 Measles 1861 (EpiEstim)      48     BiLSTM 0.2175  1.74
 Measles 1861 (EpiEstim)      48        ABC 3.8376 30.70
 Measles 1861 (EpiEstim)      48 NelderMead 4.4937 35.95
 Measles 1861 (EpiEstim)      48         DE 2.0163 16.13

Done. Plots saved to real_data/plots/, params to real_data/measles_1861__epiestim__5method_params.csv
Warning message:
In DEoptimR::JDEoptim(lower = bnd$lo, upper = bnd$hi, fn = obj_de,  :
  maximum number of iterations reached without convergence
