
Done. Plots saved to real_data/plots/

=== Measles 1861 (EpiEstim) ===
  48 days | n_true=187, n_used=187, prevalence=0.0053 (seed=1.0), incub=10d, recov=0.125
  --- Window: 48 days (BiLSTM beta=0.2175) ---
    Window 48 days...
      BiLSTM... Starting multiple runs (1000) using 12 thread(s)
_________________________________________________________________________
_________________________________________________________________________
||||||||||||||||||||||||||||||||||||||||||||||||||||||||||||||||||||||||| done.
FAILED
      ABC... 2.7 sStarting multiple runs (1000) using 12 thread(s)
_________________________________________________________________________
_________________________________________________________________________
||||||||||||||||||||||||||||||||||||||||||||||||||||||||||||||||||||||||| done.
  CI FAILED
      ABC-SMC... 2.0 sStarting multiple runs (1000) using 12 thread(s)
_________________________________________________________________________
_________________________________________________________________________
||||||||||||||||||||||||||||||||||||||||||||||||||||||||||||||||||||||||| done.
  CI FAILED
      NM... 0.1 sStarting multiple runs (1000) using 12 thread(s)
_________________________________________________________________________
_________________________________________________________________________
||||||||||||||||||||||||||||||||||||||||||||||||||||||||||||||||||||||||| done.
  CI FAILED
      DE... 0.0 sStarting multiple runs (1000) using 12 thread(s)
_________________________________________________________________________
_________________________________________________________________________
||||||||||||||||||||||||||||||||||||||||||||||||||||||||||||||||||||||||| done.
  CI FAILED
    No CI data to plot.

Done. Plots saved to real_data/plots/, params to real_data/measles_1861__epiestim__5method_params.csv
